[WARN] GBA Debug: [FixedRoom] PATTERN EXTRACTION START (room 1, size 9x17)
[WARN] GBA Debug: [FixedRoom] Tile[0][0] = 6
[WARN] GBA Debug: [FixedRoom] Tile[0][1] = 2
[WARN] GBA Debug: [FixedRoom] Tile[0][2] = 2
[WARN] GBA Debug: [FixedRoom] Tile[0][3] = 2
[WARN] GBA Debug: [FixedRoom] Tile[0][4] = 2
[WARN] GBA Debug: [FixedRoom] Tile[0][5] = 2
[WARN] GBA Debug: [FixedRoom] Tile[0][6] = 2
[WARN] GBA Debug: [FixedRoom] Tile[0][7] = 2
[WARN] GBA Debug: [FixedRoom] Tile[0][8] = 6
[WARN] GBA Debug: [FixedRoom] Tile[1][0] = 6
[WARN] GBA Debug: [FixedRoom] Tile[1][1] = 2
[WARN] GBA Debug: [FixedRoom] Tile[1][2] = 2
[WARN] GBA Debug: [FixedRoom] Tile[1][3] = 2
[WARN] GBA Debug: [FixedRoom] Tile[1][4] = 2
[WARN] GBA Debug: [FixedRoom] Tile[1][5] = 2
[WARN] GBA Debug: [FixedRoom] Tile[1][6] = 2
[WARN] GBA Debug: [FixedRoom] Tile[1][7] = 2
[WARN] GBA Debug: [FixedRoom] Tile[1][8] = 6
[WARN] GBA Debug: [FixedRoom] Tile[2][0] = 2
[WARN] GBA Debug: [FixedRoom] Tile[2][1] = 2
[WARN] GBA Debug: [FixedRoom] Tile[2][2] = 2
[WARN] GBA Debug: [FixedRoom] Tile[2][3] = 2
[WARN] GBA Debug: [FixedRoom] Tile[2][4] = 2
[WARN] GBA Debug: [FixedRoom] Tile[2][5] = 2
[WARN] GBA Debug: [FixedRoom] Tile[2][6] = 2
[WARN] GBA Debug: [FixedRoom] Tile[2][7] = 2
[WARN] GBA Debug: [FixedRoom] Tile[2][8] = 2
[WARN] GBA Debug: [FixedRoom] Tile[3][0] = 2
[WARN] GBA Debug: [FixedRoom] Tile[3][1] = 2
[WARN] GBA Debug: [FixedRoom] Tile[3][2] = 2
[WARN] GBA Debug: [FixedRoom] Tile[3][3] = 68
[WARN] GBA Debug: [FixedRoom] Tile[3][4] = 17
[WARN] GBA Debug: [FixedRoom] Tile[3][5] = 68
[WARN] GBA Debug: [FixedRoom] Tile[3][6] = 2
[WARN] GBA Debug: [FixedRoom] Tile[3][7] = 2
[WARN] GBA Debug: [FixedRoom] Tile[3][8] = 2
[WARN] GBA Debug: [FixedRoom] Tile[4][0] = 2
[WARN] GBA Debug: [FixedRoom] Tile[4][1] = 6
[WARN] GBA Debug: [FixedRoom] Tile[4][2] = 6
[WARN] GBA Debug: [FixedRoom] Tile[4][3] = 6
[WARN] GBA Debug: [FixedRoom] Tile[4][4] = 6
[WARN] GBA Debug: [FixedRoom] Tile[4][5] = 6
[WARN] GBA Debug: [FixedRoom] Tile[4][6] = 6
[WARN] GBA Debug: [FixedRoom] Tile[4][7] = 6
[WARN] GBA Debug: [FixedRoom] Tile[4][8] = 2
[WARN] GBA Debug: [FixedRoom] Tile[5][0] = 68
[WARN] GBA Debug: [FixedRoom] Tile[5][1] = 6
[WARN] GBA Debug: [FixedRoom] Tile[5][2] = 6
[WARN] GBA Debug: [FixedRoom] Tile[5][3] = 6
[WARN] GBA Debug: [FixedRoom] Tile[5][4] = 6
[WARN] GBA Debug: [FixedRoom] Tile[5][5] = 6
[WARN] GBA Debug: [FixedRoom] Tile[5][6] = 6
[WARN] GBA Debug: [FixedRoom] Tile[5][7] = 6
[WARN] GBA Debug: [FixedRoom] Tile[5][8] = 68
[WARN] GBA Debug: [FixedRoom] Tile[6][0] = 10
[WARN] GBA Debug: [FixedRoom] Tile[6][1] = 10
[WARN] GBA Debug: [FixedRoom] Tile[6][2] = 10
[WARN] GBA Debug: [FixedRoom] Tile[6][3] = 10
[WARN] GBA Debug: [FixedRoom] Tile[6][4] = 10
[WARN] GBA Debug: [FixedRoom] Tile[6][5] = 10
[WARN] GBA Debug: [FixedRoom] Tile[6][6] = 10
[WARN] GBA Debug: [FixedRoom] Tile[6][7] = 10
[WARN] GBA Debug: [FixedRoom] Tile[6][8] = 10
[WARN] GBA Debug: [FixedRoom] Tile[7][0] = 10
[WARN] GBA Debug: [FixedRoom] Tile[7][1] = 60
[WARN] GBA Debug: [FixedRoom] Tile[7][2] = 60
[WARN] GBA Debug: [FixedRoom] Tile[7][3] = 60
[WARN] GBA Debug: [FixedRoom] Tile[7][4] = 60
[WARN] GBA Debug: [FixedRoom] Tile[7][5] = 60
[WARN] GBA Debug: [FixedRoom] Tile[7][6] = 60
[WARN] GBA Debug: [FixedRoom] Tile[7][7] = 60
[WARN] GBA Debug: [FixedRoom] Tile[7][8] = 10
[WARN] GBA Debug: [FixedRoom] Tile[8][0] = 60
[WARN] GBA Debug: [FixedRoom] Tile[8][1] = 60
[WARN] GBA Debug: [FixedRoom] Tile[8][2] = 60
[WARN] GBA Debug: [FixedRoom] Tile[8][3] = 60
[WARN] GBA Debug: [FixedRoom] Tile[8][4] = 16
[WARN] GBA Debug: [FixedRoom] Tile[8][5] = 60
[WARN] GBA Debug: [FixedRoom] Tile[8][6] = 60
[WARN] GBA Debug: [FixedRoom] Tile[8][7] = 60
[WARN] GBA Debug: [FixedRoom] Tile[8][8] = 60
[WARN] GBA Debug: [FixedRoom] Tile[9][0] = 60
[WARN] GBA Debug: [FixedRoom] Tile[9][1] = 60
[WARN] GBA Debug: [FixedRoom] Tile[9][2] = 60
[WARN] GBA Debug: [FixedRoom] Tile[9][3] = 60
[WARN] GBA Debug: [FixedRoom] Tile[9][4] = 4
[WARN] GBA Debug: [FixedRoom] Tile[9][5] = 60
[WARN] GBA Debug: [FixedRoom] Tile[9][6] = 60
[WARN] GBA Debug: [FixedRoom] Tile[9][7] = 60
[WARN] GBA Debug: [FixedRoom] Tile[9][8] = 60
[WARN] GBA Debug: [FixedRoom] Tile[10][0] = 60
[WARN] GBA Debug: [FixedRoom] Tile[10][1] = 60
[WARN] GBA Debug: [FixedRoom] Tile[10][2] = 60
[WARN] GBA Debug: [FixedRoom] Tile[10][3] = 23
[WARN] GBA Debug: [FixedRoom] Tile[10][4] = 22
[WARN] GBA Debug: [FixedRoom] Tile[10][5] = 24
[WARN] GBA Debug: [FixedRoom] Tile[10][6] = 60
[WARN] GBA Debug: [FixedRoom] Tile[10][7] = 60
[WARN] GBA Debug: [FixedRoom] Tile[10][8] = 60
[WARN] GBA Debug: [FixedRoom] Tile[11][0] = 60
[WARN] GBA Debug: [FixedRoom] Tile[11][1] = 60
[WARN] GBA Debug: [FixedRoom] Tile[11][2] = 60
[WARN] GBA Debug: [FixedRoom] Tile[11][3] = 26
[WARN] GBA Debug: [FixedRoom] Tile[11][4] = 25
[WARN] GBA Debug: [FixedRoom] Tile[11][5] = 27
[WARN] GBA Debug: [FixedRoom] Tile[11][6] = 60
[WARN] GBA Debug: [FixedRoom] Tile[11][7] = 60
[WARN] GBA Debug: [FixedRoom] Tile[11][8] = 60
[WARN] GBA Debug: [FixedRoom] Tile[12][0] = 2
[WARN] GBA Debug: [FixedRoom] Tile[12][1] = 2
[WARN] GBA Debug: [FixedRoom] Tile[12][2] = 60
[WARN] GBA Debug: [FixedRoom] Tile[12][3] = 60
[WARN] GBA Debug: [FixedRoom] Tile[12][4] = 60
[WARN] GBA Debug: [FixedRoom] Tile[12][5] = 60
[WARN] GBA Debug: [FixedRoom] Tile[12][6] = 60
[WARN] GBA Debug: [FixedRoom] Tile[12][7] = 2
[WARN] GBA Debug: [FixedRoom] Tile[12][8] = 2
[WARN] GBA Debug: [FixedRoom] Tile[13][0] = 2
[WARN] GBA Debug: [FixedRoom] Tile[13][1] = 2
[WARN] GBA Debug: [FixedRoom] Tile[13][2] = 2
[WARN] GBA Debug: [FixedRoom] Tile[13][3] = 10
[WARN] GBA Debug: [FixedRoom] Tile[13][4] = 10
[WARN] GBA Debug: [FixedRoom] Tile[13][5] = 10
[WARN] GBA Debug: [FixedRoom] Tile[13][6] = 2
[WARN] GBA Debug: [FixedRoom] Tile[13][7] = 2
[WARN] GBA Debug: [FixedRoom] Tile[13][8] = 2
[WARN] GBA Debug: [FixedRoom] Tile[14][0] = 2
[WARN] GBA Debug: [FixedRoom] Tile[14][1] = 2
[WARN] GBA Debug: [FixedRoom] Tile[14][2] = 2
[WARN] GBA Debug: [FixedRoom] Tile[14][3] = 10
[WARN] GBA Debug: [FixedRoom] Tile[14][4] = 10
[WARN] GBA Debug: [FixedRoom] Tile[14][5] = 10
[WARN] GBA Debug: [FixedRoom] Tile[14][6] = 2
[WARN] GBA Debug: [FixedRoom] Tile[14][7] = 2
[WARN] GBA Debug: [FixedRoom] Tile[14][8] = 2
[WARN] GBA Debug: [FixedRoom] Tile[15][0] = 2
[WARN] GBA Debug: [FixedRoom] Tile[15][1] = 2
[WARN] GBA Debug: [FixedRoom] Tile[15][2] = 2
[WARN] GBA Debug: [FixedRoom] Tile[15][3] = 6
[WARN] GBA Debug: [FixedRoom] Tile[15][4] = 6
[WARN] GBA Debug: [FixedRoom] Tile[15][5] = 6
[WARN] GBA Debug: [FixedRoom] Tile[15][6] = 2
[WARN] GBA Debug: [FixedRoom] Tile[15][7] = 2
[WARN] GBA Debug: [FixedRoom] Tile[15][8] = 2
[WARN] GBA Debug: [FixedRoom] Tile[16][0] = 2
[WARN] GBA Debug: [FixedRoom] Tile[16][1] = 2
[WARN] GBA Debug: [FixedRoom] Tile[16][2] = 2
[WARN] GBA Debug: [FixedRoom] Tile[16][3] = 6
[WARN] GBA Debug: [FixedRoom] Tile[16][4] = 6
[WARN] GBA Debug: [FixedRoom] Tile[16][5] = 6
[WARN] GBA Debug: [FixedRoom] Tile[16][6] = 2
[WARN] GBA Debug: [FixedRoom] Tile[16][7] = 2
[WARN] GBA Debug: [FixedRoom] Tile[16][8] = 2
[WARN] GBA Debug: [FixedRoom] PATTERN EXTRACTION END
[WARN] GBA Debug: [FixedRoom] SPAWN_POSITIONS:
[WARN] GBA Debug: [FixedRoom] Player spawn (absolute): (9, 14)
[WARN] GBA Debug: [FixedRoom] Player spawn (relative): (4, 9)
[WARN] GBA Debug: [FixedRoom] Stairs spawn (absolute): (-1, -1)
[WARN] GBA Debug: [FixedRoom] Stairs spawn (relative): (-6, -6)
[WARN] GBA Debug: [FixedRoom] Tiles processed. playerSpawn=(9,14) stairsSpawn=(-1,-1)
[WARN] GBA Debug: [FixedRoom] Fixed room has no stairs marker, setting manually to (9,6)
[WARN] GBA Debug: [BossGen] Fixed room layout loaded successfully
[WARN] GBA Debug: [Dungeon] After GenerateFloor shop=0 mh=0 tileset=31
[WARN] GBA Debug: [Dungeon] Before sub_804AAD4
[WARN] GBA Debug: [Dungeon] After sub_804AAD4
[WARN] GBA Debug: [Dungeon] After sub_8049B8C
[WARN] GBA Debug: [Dungeon] Calling LoadDungeonTilesetAssets
[WARN] GBA Debug: [Dungeon] Skipping LoadDungeonTilesetAssets for boss floor
[WARN] GBA Debug: [Dungeon] LoadDungeonTilesetAssets complete
[WARN] GBA Debug: [Dungeon] Calling sub_806B168
[WARN] GBA Debug: [Dungeon] Skipping sub_806B168 for boss floor
[WARN] GBA Debug: [Dungeon] After sub_806B168
[WARN] GBA Debug: [Dungeon] About to call SpawnBossFightEntities
[WARN] GBA Debug: [BossGen] Using fixed room spawn: stairs=(9,6) boss=(9,8)
[WARN] GBA Debug: [BossGen] SpawnBossFightEntities species=411 typeValid=1
[WARN] GBA Debug: [BossGen] Boss position validated (9,8)
[WARN] GBA Debug: [BossGen] Spawn tile terrain: type=1 flags=0x101
[WARN] GBA Debug: [BossGen] Got spawn array pointer: 0x2006aa4
[WARN] GBA Debug: [BossGen] Setting species to 411
[WARN] GBA Debug: [BossGen] Setting spawn flags
[WARN] GBA Debug: [BossGen] Setting position (9,8)
[WARN] GBA Debug: [BossGen] Boss added to spawn array
[WARN] GBA Debug: [BossGen] Getting minion positions, count=2
[WARN] GBA Debug: [BossGen] Processing minions...
[WARN] GBA Debug: [BossGen] Minion 0: species=112 pos=(7,9)
[WARN] GBA Debug: [BossGen] Adding minion 0 to spawn array at index 1
[WARN] GBA Debug: [BossGen] Minion 1: species=95 pos=(11,9)
[WARN] GBA Debug: [BossGen] Adding minion 1 to spawn array at index 2
[WARN] GBA Debug: [BossGen] Setting spawn count to 3
[WARN] GBA Debug: [BossGen] SpawnBossFightEntities complete - array populated with 3 entities
[WARN] GBA Debug: [Dungeon] SpawnBossFightEntities returned successfully
[WARN] GBA Debug: [Dungeon] About to call sub_806C3C0 to spawn entities
[WARN] GBA Debug: [Dungeon] unk57C.unk40 = 3
[WARN] GBA Debug: [Dungeon] sub_806C3C0 returned successfully
[WARN] GBA Debug: [Dungeon] About to call ApplyBossFightOverrides
[WARN] GBA Debug: [Dungeon] ApplyBossFightOverrides returned successfully
[WARN] GBA Debug: [Dungeon] Skipping SpawnWildMonsOnFloor (boss floor)
[WARN] GBA Debug: [Dungeon] Boss spawn section complete
[WARN] GBA Debug: [Dungeon] Setting floor state variables
[WARN] GBA Debug: [Dungeon] Floor state variables set
[WARN] GBA Debug: [Dungeon] Calling sub_807FA18
[WARN] GBA Debug: [Dungeon] Calling CreateFloorItems
[WARN] GBA Debug: [Dungeon] Setting unk644 values
[WARN] GBA Debug: [Dungeon] Calling sub_8051E3C
[WARN] GBA Debug: [Dungeon] Calling sub_804AAAC
[WARN] GBA Debug: [Dungeon] Floor initialization complete
[WARN] GBA Debug: [Dungeon] Post-init: About to call sub_80848F0
[WARN] GBA Debug: [Dungeon] Post-init: Setting gUnknown_203B40C
[WARN] GBA Debug: [Dungeon] Post-init: Repositioning leader to spawn point
[WARN] GBA Debug: [Dungeon] Post-init: About to call sub_803E748/sub_803E7C8
[WARN] GBA Debug: [Dungeon] Skipping fade-in animation for fixed room boss floor
[WARN] GBA Debug: [Dungeon] Brightness set, skip complete (screen will be black until game loop)
[WARN] GBA Debug: [Dungeon] Post-init: About to call sub_8040094
[WARN] GBA Debug: [Dungeon] Post-init: About to call sub_803EAF0
[WARN] GBA Debug: [Dungeon] Post-init: About to call InitDungeonMap
[WARN] GBA Debug: [Dungeon] Post-init: About to call UpdateMinimap
[WARN] GBA Debug: [Dungeon] Post-init: Setting dungeon variables
[WARN] GBA Debug: [Dungeon] Post-init: Tutorial/dest floor messages
[WARN] GBA Debug: [Dungeon] Post-init: Setting leader pointer
[WARN] GBA Debug: [Dungeon] Post-init: About to call DisplayPreFightDialogue
[WARN] GBA Debug: [Cutscene] DisplayPreFightDialogue: unk3A0D=0
[WARN] GBA Debug: [Cutscene] No pre-fight dialogue (unk3A0D=0)
[WARN] GBA Debug: [Dungeon] Post-init: DisplayPreFightDialogue complete, unk4=0 unk2=0
[WARN] GBA Debug: [Dungeon] Post-init: Calling sub_803F4A0
[WARN] GBA Debug: [Dungeon] Post-init: Skipping sub_803F4A0 for boss floor
[WARN] GBA Debug: [Dungeon] Post-init: sub_803F4A0 complete
[WARN] GBA Debug: [Dungeon] Post-init: Calling UpdateMinimap
[WARN] GBA Debug: [Dungeon] Post-init: UpdateMinimap complete
[WARN] GBA Debug: [Dungeon] Leader check: valid=0 pos=(-1,-1)
[WARN] GBA Debug: [Dungeon] Post-leader-check: Weather setup
[WARN] GBA Debug: [Dungeon] Skipping sub_807E5AC for fixed room boss floor
[WARN] GBA Debug: [Dungeon] Post-weather: Pre-game-loop setup
[WARN] GBA Debug: [Dungeon] Calling sub_80427AC
[WARN] GBA Debug: [Dungeon] Calling TryTriggerMonsterHouseWithMsg
[WARN] GBA Debug: [Dungeon] Calling sub_807EAA0
[WARN] GBA Debug: [Dungeon] Calling nullsub_16
[WARN] GBA Debug: [Dungeon] After nullsub_16, unk5=0
[WARN] GBA Debug: [Dungeon] Entering main game loop
[WARN] GBA Debug: [Dungeon] SKIPPING GAME LOOP FOR BOSS FLOOR (testing only)
[WARN] GBA Debug: [Dungeon] Single turn complete, forcing floor to end
[WARN] GBA Debug: [Dungeon] Main game loop exited after 0 turns
[WARN] GBA Debug: [Dungeon] Post-loop: Getting leader
[WARN] GBA Debug: [Dungeon] Post-loop: Leader valid=0
[WARN] GBA Debug: [Dungeon] Post-loop: Checking forced loss (unk10=1)
[WARN] GBA Debug: [Dungeon] Post-loop: Checking cleanup (unk10=1 unk11=0)
[WARN] GBA Debug: [Dungeon] Post-loop: bossFight check - ptr=0x2031aac
[WARN] GBA Debug: [Dungeon] Post-loop: bossFight - enabled=1 useFixedRoomLayout=1
[WARN] GBA Debug: [Dungeon] Post-loop: Skipping sub_806AA70 for boss floor
[WARN] GBA Debug: [Dungeon] Post-loop: Final leader checks
[WARN] GBA Debug: [Dungeon] Post-loop: Calling SetDungeonMapToNotShown
[WARN] GBA Debug: [Dungeon] Post-loop: SetDungeonMapToNotShown complete
[WARN] GBA Debug: [Dungeon] Post-loop: Calling sub_803EAF0(1, NULL)
[WARN] GBA Debug: [Dungeon] Post-loop: sub_803EAF0 complete
[WARN] GBA Debug: [Dungeon] Post-loop: Checking BGM fade (unk3=0 unk6=0)
[WARN] GBA Debug: [Dungeon] Post-loop: Calling sub_803E708(4, 0x4F)
[WARN] GBA Debug: [Dungeon] Post-loop: Skipping sub_803E708 for boss floor
[WARN] GBA Debug: [Dungeon] Post-loop: sub_803E708 complete, unk7=0
[WARN] GBA Debug: [Dungeon] Post-loop: Calling sub_803E830
[WARN] GBA Debug: [Dungeon] Post-loop: Skipping sub_803E830 for boss floor
[WARN] GBA Debug: [Dungeon] Post-loop: sub_803E830 complete
[WARN] GBA Debug: [Dungeon] Post-loop: Setting BG/OBJ flags
[WARN] GBA Debug: [Dungeon] Post-loop: Setting palette color
[WARN] GBA Debug: [Dungeon] Post-loop: Calling sub_8040094(1)
[WARN] GBA Debug: [Dungeon] Post-loop: Setting unk18218
[WARN] GBA Debug: [SeedOverrides] IsEnabled? seed=1546017475
[WARN] GBA Debug: [SeedOverrides] Enabled=TRUE seed=1546017475
[WARN] GBA Debug: [SeedOverrides] IsEnabled? seed=1546017475
[WARN] GBA Debug: [SeedOverrides] Enabled=TRUE seed=1546017475
