[WARN] GBA Debug: [FixedRoom] PATTERN EXTRACTION START (room 4, size 17x14)
[WARN] GBA Debug: [FixedRoom] Tile[0][0] = 6
[WARN] GBA Debug: [FixedRoom] Tile[0][1] = 6
[WARN] GBA Debug: [FixedRoom] Tile[0][2] = 6
[WARN] GBA Debug: [FixedRoom] Tile[0][3] = 6
[WARN] GBA Debug: [FixedRoom] Tile[0][4] = 6
[WARN] GBA Debug: [FixedRoom] Tile[0][5] = 6
[WARN] GBA Debug: [FixedRoom] Tile[0][6] = 6
[WARN] GBA Debug: [FixedRoom] Tile[0][7] = 6
[WARN] GBA Debug: [FixedRoom] Tile[0][8] = 6
[WARN] GBA Debug: [FixedRoom] Tile[0][9] = 6
[WARN] GBA Debug: [FixedRoom] Tile[0][10] = 6
[WARN] GBA Debug: [FixedRoom] Tile[0][11] = 6
[WARN] GBA Debug: [FixedRoom] Tile[0][12] = 7
[WARN] GBA Debug: [FixedRoom] Tile[0][13] = 2
[WARN] GBA Debug: [FixedRoom] Tile[0][14] = 2
[WARN] GBA Debug: [FixedRoom] Tile[0][15] = 2
[WARN] GBA Debug: [FixedRoom] Tile[0][16] = 2
[WARN] GBA Debug: [FixedRoom] Tile[1][0] = 10
[WARN] GBA Debug: [FixedRoom] Tile[1][1] = 10
[WARN] GBA Debug: [FixedRoom] Tile[1][2] = 10
[WARN] GBA Debug: [FixedRoom] Tile[1][3] = 60
[WARN] GBA Debug: [FixedRoom] Tile[1][4] = 10
[WARN] GBA Debug: [FixedRoom] Tile[1][5] = 10
[WARN] GBA Debug: [FixedRoom] Tile[1][6] = 10
[WARN] GBA Debug: [FixedRoom] Tile[1][7] = 10
[WARN] GBA Debug: [FixedRoom] Tile[1][8] = 10
[WARN] GBA Debug: [FixedRoom] Tile[1][9] = 60
[WARN] GBA Debug: [FixedRoom] Tile[1][10] = 10
[WARN] GBA Debug: [FixedRoom] Tile[1][11] = 10
[WARN] GBA Debug: [FixedRoom] Tile[1][12] = 10
[WARN] GBA Debug: [FixedRoom] Tile[1][13] = 2
[WARN] GBA Debug: [FixedRoom] Tile[1][14] = 2
[WARN] GBA Debug: [FixedRoom] Tile[1][15] = 2
[WARN] GBA Debug: [FixedRoom] Tile[1][16] = 2
[WARN] GBA Debug: [FixedRoom] Tile[2][0] = 60
[WARN] GBA Debug: [FixedRoom] Tile[2][1] = 60
[WARN] GBA Debug: [FixedRoom] Tile[2][2] = 60
[WARN] GBA Debug: [FixedRoom] Tile[2][3] = 60
[WARN] GBA Debug: [FixedRoom] Tile[2][4] = 60
[WARN] GBA Debug: [FixedRoom] Tile[2][5] = 60
[WARN] GBA Debug: [FixedRoom] Tile[2][6] = 30
[WARN] GBA Debug: [FixedRoom] Tile[2][7] = 60
[WARN] GBA Debug: [FixedRoom] Tile[2][8] = 60
[WARN] GBA Debug: [FixedRoom] Tile[2][9] = 60
[WARN] GBA Debug: [FixedRoom] Tile[2][10] = 60
[WARN] GBA Debug: [FixedRoom] Tile[2][11] = 60
[WARN] GBA Debug: [FixedRoom] Tile[2][12] = 60
[WARN] GBA Debug: [FixedRoom] Tile[2][13] = 2
[WARN] GBA Debug: [FixedRoom] Tile[2][14] = 2
[WARN] GBA Debug: [FixedRoom] Tile[2][15] = 2
[WARN] GBA Debug: [FixedRoom] Tile[2][16] = 2
[WARN] GBA Debug: [FixedRoom] Tile[3][0] = 2
[WARN] GBA Debug: [FixedRoom] Tile[3][1] = 60
[WARN] GBA Debug: [FixedRoom] Tile[3][2] = 60
[WARN] GBA Debug: [FixedRoom] Tile[3][3] = 60
[WARN] GBA Debug: [FixedRoom] Tile[3][4] = 60
[WARN] GBA Debug: [FixedRoom] Tile[3][5] = 60
[WARN] GBA Debug: [FixedRoom] Tile[3][6] = 4
[WARN] GBA Debug: [FixedRoom] Tile[3][7] = 60
[WARN] GBA Debug: [FixedRoom] Tile[3][8] = 60
[WARN] GBA Debug: [FixedRoom] Tile[3][9] = 60
[WARN] GBA Debug: [FixedRoom] Tile[3][10] = 60
[WARN] GBA Debug: [FixedRoom] Tile[3][11] = 60
[WARN] GBA Debug: [FixedRoom] Tile[3][12] = 2
[WARN] GBA Debug: [FixedRoom] Tile[3][13] = 2
[WARN] GBA Debug: [FixedRoom] Tile[3][14] = 2
[WARN] GBA Debug: [FixedRoom] Tile[3][15] = 2
[WARN] GBA Debug: [FixedRoom] Tile[3][16] = 2
[WARN] GBA Debug: [FixedRoom] Tile[4][0] = 60
[WARN] GBA Debug: [FixedRoom] Tile[4][1] = 60
[WARN] GBA Debug: [FixedRoom] Tile[4][2] = 60
[WARN] GBA Debug: [FixedRoom] Tile[4][3] = 60
[WARN] GBA Debug: [FixedRoom] Tile[4][4] = 60
[WARN] GBA Debug: [FixedRoom] Tile[4][5] = 23
[WARN] GBA Debug: [FixedRoom] Tile[4][6] = 22
[WARN] GBA Debug: [FixedRoom] Tile[4][7] = 24
[WARN] GBA Debug: [FixedRoom] Tile[4][8] = 60
[WARN] GBA Debug: [FixedRoom] Tile[4][9] = 60
[WARN] GBA Debug: [FixedRoom] Tile[4][10] = 60
[WARN] GBA Debug: [FixedRoom] Tile[4][11] = 60
[WARN] GBA Debug: [FixedRoom] Tile[4][12] = 60
[WARN] GBA Debug: [FixedRoom] Tile[4][13] = 2
[WARN] GBA Debug: [FixedRoom] Tile[4][14] = 2
[WARN] GBA Debug: [FixedRoom] Tile[4][15] = 2
[WARN] GBA Debug: [FixedRoom] Tile[4][16] = 2
[WARN] GBA Debug: [FixedRoom] Tile[5][0] = 60
[WARN] GBA Debug: [FixedRoom] Tile[5][1] = 60
[WARN] GBA Debug: [FixedRoom] Tile[5][2] = 60
[WARN] GBA Debug: [FixedRoom] Tile[5][3] = 60
[WARN] GBA Debug: [FixedRoom] Tile[5][4] = 60
[WARN] GBA Debug: [FixedRoom] Tile[5][5] = 27
[WARN] GBA Debug: [FixedRoom] Tile[5][6] = 25
[WARN] GBA Debug: [FixedRoom] Tile[5][7] = 26
[WARN] GBA Debug: [FixedRoom] Tile[5][8] = 60
[WARN] GBA Debug: [FixedRoom] Tile[5][9] = 60
[WARN] GBA Debug: [FixedRoom] Tile[5][10] = 60
[WARN] GBA Debug: [FixedRoom] Tile[5][11] = 60
[WARN] GBA Debug: [FixedRoom] Tile[5][12] = 60
[WARN] GBA Debug: [FixedRoom] Tile[5][13] = 2
[WARN] GBA Debug: [FixedRoom] Tile[5][14] = 2
[WARN] GBA Debug: [FixedRoom] Tile[5][15] = 2
[WARN] GBA Debug: [FixedRoom] Tile[5][16] = 2
[WARN] GBA Debug: [FixedRoom] Tile[6][0] = 60
[WARN] GBA Debug: [FixedRoom] Tile[6][1] = 60
[WARN] GBA Debug: [FixedRoom] Tile[6][2] = 60
[WARN] GBA Debug: [FixedRoom] Tile[6][3] = 60
[WARN] GBA Debug: [FixedRoom] Tile[6][4] = 60
[WARN] GBA Debug: [FixedRoom] Tile[6][5] = 60
[WARN] GBA Debug: [FixedRoom] Tile[6][6] = 60
[WARN] GBA Debug: [FixedRoom] Tile[6][7] = 60
[WARN] GBA Debug: [FixedRoom] Tile[6][8] = 60
[WARN] GBA Debug: [FixedRoom] Tile[6][9] = 60
[WARN] GBA Debug: [FixedRoom] Tile[6][10] = 60
[WARN] GBA Debug: [FixedRoom] Tile[6][11] = 60
[WARN] GBA Debug: [FixedRoom] Tile[6][12] = 60
[WARN] GBA Debug: [FixedRoom] Tile[6][13] = 2
[WARN] GBA Debug: [FixedRoom] Tile[6][14] = 2
[WARN] GBA Debug: [FixedRoom] Tile[6][15] = 2
[WARN] GBA Debug: [FixedRoom] Tile[6][16] = 2
[WARN] GBA Debug: [FixedRoom] Tile[7][0] = 60
[WARN] GBA Debug: [FixedRoom] Tile[7][1] = 60
[WARN] GBA Debug: [FixedRoom] Tile[7][2] = 60
[WARN] GBA Debug: [FixedRoom] Tile[7][3] = 60
[WARN] GBA Debug: [FixedRoom] Tile[7][4] = 60
[WARN] GBA Debug: [FixedRoom] Tile[7][5] = 60
[WARN] GBA Debug: [FixedRoom] Tile[7][6] = 60
[WARN] GBA Debug: [FixedRoom] Tile[7][7] = 60
[WARN] GBA Debug: [FixedRoom] Tile[7][8] = 60
[WARN] GBA Debug: [FixedRoom] Tile[7][9] = 60
[WARN] GBA Debug: [FixedRoom] Tile[7][10] = 60
[WARN] GBA Debug: [FixedRoom] Tile[7][11] = 60
[WARN] GBA Debug: [FixedRoom] Tile[7][12] = 60
[WARN] GBA Debug: [FixedRoom] Tile[7][13] = 2
[WARN] GBA Debug: [FixedRoom] Tile[7][14] = 2
[WARN] GBA Debug: [FixedRoom] Tile[7][15] = 2
[WARN] GBA Debug: [FixedRoom] Tile[7][16] = 2
[WARN] GBA Debug: [FixedRoom] Tile[8][0] = 60
[WARN] GBA Debug: [FixedRoom] Tile[8][1] = 60
[WARN] GBA Debug: [FixedRoom] Tile[8][2] = 60
[WARN] GBA Debug: [FixedRoom] Tile[8][3] = 60
[WARN] GBA Debug: [FixedRoom] Tile[8][4] = 60
[WARN] GBA Debug: [FixedRoom] Tile[8][5] = 60
[WARN] GBA Debug: [FixedRoom] Tile[8][6] = 60
[WARN] GBA Debug: [FixedRoom] Tile[8][7] = 60
[WARN] GBA Debug: [FixedRoom] Tile[8][8] = 60
[WARN] GBA Debug: [FixedRoom] Tile[8][9] = 60
[WARN] GBA Debug: [FixedRoom] Tile[8][10] = 60
[WARN] GBA Debug: [FixedRoom] Tile[8][11] = 60
[WARN] GBA Debug: [FixedRoom] Tile[8][12] = 60
[WARN] GBA Debug: [FixedRoom] Tile[8][13] = 2
[WARN] GBA Debug: [FixedRoom] Tile[8][14] = 2
[WARN] GBA Debug: [FixedRoom] Tile[8][15] = 2
[WARN] GBA Debug: [FixedRoom] Tile[8][16] = 2
[WARN] GBA Debug: [FixedRoom] Tile[9][0] = 2
[WARN] GBA Debug: [FixedRoom] Tile[9][1] = 60
[WARN] GBA Debug: [FixedRoom] Tile[9][2] = 60
[WARN] GBA Debug: [FixedRoom] Tile[9][3] = 60
[WARN] GBA Debug: [FixedRoom] Tile[9][4] = 60
[WARN] GBA Debug: [FixedRoom] Tile[9][5] = 60
[WARN] GBA Debug: [FixedRoom] Tile[9][6] = 60
[WARN] GBA Debug: [FixedRoom] Tile[9][7] = 60
[WARN] GBA Debug: [FixedRoom] Tile[9][8] = 60
[WARN] GBA Debug: [FixedRoom] Tile[9][9] = 60
[WARN] GBA Debug: [FixedRoom] Tile[9][10] = 60
[WARN] GBA Debug: [FixedRoom] Tile[9][11] = 60
[WARN] GBA Debug: [FixedRoom] Tile[9][12] = 2
[WARN] GBA Debug: [FixedRoom] Tile[9][13] = 2
[WARN] GBA Debug: [FixedRoom] Tile[9][14] = 2
[WARN] GBA Debug: [FixedRoom] Tile[9][15] = 2
[WARN] GBA Debug: [FixedRoom] Tile[9][16] = 2
[WARN] GBA Debug: [FixedRoom] Tile[10][0] = 60
[WARN] GBA Debug: [FixedRoom] Tile[10][1] = 60
[WARN] GBA Debug: [FixedRoom] Tile[10][2] = 2
[WARN] GBA Debug: [FixedRoom] Tile[10][3] = 60
[WARN] GBA Debug: [FixedRoom] Tile[10][4] = 60
[WARN] GBA Debug: [FixedRoom] Tile[10][5] = 60
[WARN] GBA Debug: [FixedRoom] Tile[10][6] = 60
[WARN] GBA Debug: [FixedRoom] Tile[10][7] = 60
[WARN] GBA Debug: [FixedRoom] Tile[10][8] = 60
[WARN] GBA Debug: [FixedRoom] Tile[10][9] = 60
[WARN] GBA Debug: [FixedRoom] Tile[10][10] = 2
[WARN] GBA Debug: [FixedRoom] Tile[10][11] = 60
[WARN] GBA Debug: [FixedRoom] Tile[10][12] = 60
[WARN] GBA Debug: [FixedRoom] Tile[10][13] = 2
[WARN] GBA Debug: [FixedRoom] Tile[10][14] = 2
[WARN] GBA Debug: [FixedRoom] Tile[10][15] = 2
[WARN] GBA Debug: [FixedRoom] Tile[10][16] = 2
[WARN] GBA Debug: [FixedRoom] Tile[11][0] = 60
[WARN] GBA Debug: [FixedRoom] Tile[11][1] = 60
[WARN] GBA Debug: [FixedRoom] Tile[11][2] = 60
[WARN] GBA Debug: [FixedRoom] Tile[11][3] = 60
[WARN] GBA Debug: [FixedRoom] Tile[11][4] = 60
[WARN] GBA Debug: [FixedRoom] Tile[11][5] = 60
[WARN] GBA Debug: [FixedRoom] Tile[11][6] = 60
[WARN] GBA Debug: [FixedRoom] Tile[11][7] = 60
[WARN] GBA Debug: [FixedRoom] Tile[11][8] = 60
[WARN] GBA Debug: [FixedRoom] Tile[11][9] = 60
[WARN] GBA Debug: [FixedRoom] Tile[11][10] = 60
[WARN] GBA Debug: [FixedRoom] Tile[11][11] = 60
[WARN] GBA Debug: [FixedRoom] Tile[11][12] = 60
[WARN] GBA Debug: [FixedRoom] Tile[11][13] = 2
[WARN] GBA Debug: [FixedRoom] Tile[11][14] = 2
[WARN] GBA Debug: [FixedRoom] Tile[11][15] = 2
[WARN] GBA Debug: [FixedRoom] Tile[11][16] = 2
[WARN] GBA Debug: [FixedRoom] Tile[12][0] = 60
[WARN] GBA Debug: [FixedRoom] Tile[12][1] = 10
[WARN] GBA Debug: [FixedRoom] Tile[12][2] = 10
[WARN] GBA Debug: [FixedRoom] Tile[12][3] = 10
[WARN] GBA Debug: [FixedRoom] Tile[12][4] = 10
[WARN] GBA Debug: [FixedRoom] Tile[12][5] = 10
[WARN] GBA Debug: [FixedRoom] Tile[12][6] = 60
[WARN] GBA Debug: [FixedRoom] Tile[12][7] = 10
[WARN] GBA Debug: [FixedRoom] Tile[12][8] = 10
[WARN] GBA Debug: [FixedRoom] Tile[12][9] = 10
[WARN] GBA Debug: [FixedRoom] Tile[12][10] = 10
[WARN] GBA Debug: [FixedRoom] Tile[12][11] = 10
[WARN] GBA Debug: [FixedRoom] Tile[12][12] = 60
[WARN] GBA Debug: [FixedRoom] Tile[12][13] = 10
[WARN] GBA Debug: [FixedRoom] Tile[12][14] = 10
[WARN] GBA Debug: [FixedRoom] Tile[12][15] = 10
[WARN] GBA Debug: [FixedRoom] Tile[12][16] = 10
[WARN] GBA Debug: [FixedRoom] Tile[13][0] = 6
[WARN] GBA Debug: [FixedRoom] Tile[13][1] = 6
[WARN] GBA Debug: [FixedRoom] Tile[13][2] = 6
[WARN] GBA Debug: [FixedRoom] Tile[13][3] = 6
[WARN] GBA Debug: [FixedRoom] Tile[13][4] = 6
[WARN] GBA Debug: [FixedRoom] Tile[13][5] = 6
[WARN] GBA Debug: [FixedRoom] Tile[13][6] = 6
[WARN] GBA Debug: [FixedRoom] Tile[13][7] = 6
[WARN] GBA Debug: [FixedRoom] Tile[13][8] = 6
[WARN] GBA Debug: [FixedRoom] Tile[13][9] = 6
[WARN] GBA Debug: [FixedRoom] Tile[13][10] = 6
[WARN] GBA Debug: [FixedRoom] Tile[13][11] = 6
[WARN] GBA Debug: [FixedRoom] Tile[13][12] = 6
[WARN] GBA Debug: [FixedRoom] Tile[13][13] = 6
[WARN] GBA Debug: [FixedRoom] Tile[13][14] = 6
[WARN] GBA Debug: [FixedRoom] Tile[13][15] = 6
[WARN] GBA Debug: [FixedRoom] Tile[13][16] = 6
[WARN] GBA Debug: [FixedRoom] PATTERN EXTRACTION END
[WARN] GBA Debug: [FixedRoom] SPAWN_POSITIONS:
[WARN] GBA Debug: [FixedRoom] Player spawn (absolute): (11, 8)
[WARN] GBA Debug: [FixedRoom] Player spawn (relative): (6, 3)
[WARN] GBA Debug: [FixedRoom] Stairs spawn (absolute): (-1, -1)
[WARN] GBA Debug: [FixedRoom] Stairs spawn (relative): (-6, -6)
[WARN] GBA Debug: [FixedRoom] Tiles processed. playerSpawn=(11,8) stairsSpawn=(-1,-1)
[WARN] GBA Debug: [FixedRoom] Fixed room has no stairs marker, setting manually to (13,6)
[WARN] GBA Debug: [BossGen] Fixed room layout loaded successfully
[WARN] GBA Debug: [Dungeon] After GenerateFloor shop=0 mh=0 tileset=62
[WARN] GBA Debug: [Dungeon] Before sub_804AAD4
[WARN] GBA Debug: [Dungeon] After sub_804AAD4
[WARN] GBA Debug: [Dungeon] After sub_8049B8C
[WARN] GBA Debug: [Dungeon] Calling LoadDungeonTilesetAssets
[WARN] GBA Debug: [Dungeon] Skipping LoadDungeonTilesetAssets for boss floor
[WARN] GBA Debug: [Dungeon] LoadDungeonTilesetAssets complete
[WARN] GBA Debug: [Dungeon] Calling sub_806B168
[WARN] GBA Debug: [Dungeon] Skipping sub_806B168 for boss floor
[WARN] GBA Debug: [Dungeon] After sub_806B168
[WARN] GBA Debug: [Dungeon] About to call SpawnBossFightEntities
[WARN] GBA Debug: [BossGen] Using fixed room spawn: stairs=(13,6) boss=(13,8)
[WARN] GBA Debug: [BossGen] SpawnBossFightEntities species=239 typeValid=1
[WARN] GBA Debug: [BossGen] Boss position validated (13,8)
[WARN] GBA Debug: [BossGen] Spawn tile terrain: type=1 flags=0x101
[WARN] GBA Debug: [BossGen] Got spawn array pointer: 0x2006aa4
[WARN] GBA Debug: [BossGen] Setting species to 239
[WARN] GBA Debug: [BossGen] Setting spawn flags
[WARN] GBA Debug: [BossGen] Setting position (13,8)
[WARN] GBA Debug: [BossGen] Boss added to spawn array
[WARN] GBA Debug: [BossGen] Getting minion positions, count=2
[WARN] GBA Debug: [BossGen] Processing minions...
[WARN] GBA Debug: [BossGen] Minion 0: species=15 pos=(12,9)
[WARN] GBA Debug: [BossGen] Adding minion 0 to spawn array at index 1
[WARN] GBA Debug: [BossGen] Minion 1: species=12 pos=(14,9)
[WARN] GBA Debug: [BossGen] Adding minion 1 to spawn array at index 2
[WARN] GBA Debug: [BossGen] Setting spawn count to 3
[WARN] GBA Debug: [BossGen] SpawnBossFightEntities complete - array populated with 3 entities
[WARN] GBA Debug: [Dungeon] SpawnBossFightEntities returned successfully
[WARN] GBA Debug: [Dungeon] About to call sub_806C3C0 to spawn entities
[WARN] GBA Debug: [Dungeon] unk57C.unk40 = 3
[WARN] GBA Debug: [Dungeon] sub_806C3C0 returned successfully
[WARN] GBA Debug: [Dungeon] About to call ApplyBossFightOverrides
[WARN] GBA Debug: [Dungeon] ApplyBossFightOverrides returned successfully
[WARN] GBA Debug: [Dungeon] Skipping SpawnWildMonsOnFloor (boss floor)
[WARN] GBA Debug: [Dungeon] Boss spawn section complete
[WARN] GBA Debug: [Dungeon] Setting floor state variables
[WARN] GBA Debug: [Dungeon] Floor state variables set
[WARN] GBA Debug: [Dungeon] Calling sub_807FA18
[WARN] GBA Debug: [Dungeon] Calling CreateFloorItems
[WARN] GBA Debug: [Dungeon] Setting unk644 values
[WARN] GBA Debug: [Dungeon] Calling sub_8051E3C
[WARN] GBA Debug: [Dungeon] Calling sub_804AAAC
[WARN] GBA Debug: [Dungeon] Floor initialization complete
[WARN] GBA Debug: [Dungeon] Post-init: About to call sub_80848F0
[WARN] GBA Debug: [Dungeon] Post-init: Setting gUnknown_203B40C
[WARN] GBA Debug: [Dungeon] Post-init: Repositioning leader to spawn point
[WARN] GBA Debug: [Dungeon] Post-init: About to call sub_803E748/sub_803E7C8
[WARN] GBA Debug: [Dungeon] Skipping fade-in animation for fixed room boss floor
[WARN] GBA Debug: [Dungeon] Brightness set, skip complete (screen will be black until game loop)
[WARN] GBA Debug: [Dungeon] Post-init: About to call sub_8040094
[WARN] GBA Debug: [Dungeon] Post-init: About to call sub_803EAF0
[WARN] GBA Debug: [Dungeon] Post-init: About to call InitDungeonMap
